#include<stdio.h>
void main()
{
	  switch(4)
	  {
	     case 2:printf("A");break;
	     case 3:printf("B");break;
	     case 1:printf("C");
	  }
}

/*
Microsoft Windows [Version 10.0.22631.3880]
(c) Microsoft Corporation. All rights reserved.

C:\c program>git clone https://github.com/Sandeepandeveloper/c_program
Cloning into 'c_program'...
remote: Enumerating objects: 40, done.
remote: Counting objects: 100% (40/40), done.
remote: Compressing objects: 100% (23/23), done.
remote: Total 40 (delta 13), reused 33 (delta 10), pack-reused 0 (from 0)
Receiving objects: 100% (40/40), 58.34 KiB | 737.00 KiB/s, done.
Resolving deltas: 100% (13/13), done.

C:\c program>cd c_program

C:\c program\c_program>md switch_case

C:\c program\c_program>cd switch_case

C:\c program\c_program\switch_case>notepad s1.c

C:\c program\c_program\switch_case>cd..

C:\c program\c_program>git push
fatal: User cancelled dialog.
Username for 'https://github.com':
C:\c program\c_program>git commit -m "switch program"
On branch main
Your branch is up to date with 'origin/main'.

Untracked files:
  (use "git add <file>..." to include in what will be committed)
        switch_case/

nothing added to commit but untracked files present (use "git add" to track)

C:\c program\c_program>cd..

C:\c program>git commit -m "switch program"
fatal: not a git repository (or any of the parent directories): .git

C:\c program>cd c_program

C:\c program\c_program>git commit -m "switch program"
On branch main
Your branch is up to date with 'origin/main'.

Untracked files:
  (use "git add <file>..." to include in what will be committed)
        switch_case/

nothing added to commit but untracked files present (use "git add" to track)

C:\c program\c_program>git add .

C:\c program\c_program>git commit -m "switch program"
[main d7e1d0a] switch program
 1 file changed, 10 insertions(+)
 create mode 100644 switch_case/s1.c

C:\c program\c_program>git push
info: please complete authentication in your browser...
Enumerating objects: 5, done.
Counting objects: 100% (5/5), done.
Delta compression using up to 12 threads
Compressing objects: 100% (3/3), done.
Writing objects: 100% (4/4), 426 bytes | 426.00 KiB/s, done.
Total 4 (delta 0), reused 0 (delta 0), pack-reused 0 (from 0)
To https://github.com/Sandeepandeveloper/c_program
   5b09792..d7e1d0a  main -> main

C:\c program\c_program>

*/